UG to STEP
! INFO-     NX STEP AP214 - V2606.3002
! INFO-      
! INFO-     Start of Translation: 1-AUG-2026  11:27:55 AM
! INFO-      
! STATUS-   Converting Part: D:\Siemens\Siemens NX\Drone Chassis\Drone Wing Chassis - Support Beam.prt
! SUMMARY-   
! SUMMARY-  Summary of Unigraphics Part Entities
! SUMMARY-  For Part: D:\Siemens\Siemens NX\Drone Chassis\Drone Wing Chassis - Support Beam.prt 
! SUMMARY-  Entities Processed             Count
! SUMMARY-  ------------------             -----
! SUMMARY-  Part Attribute ..............:     1
! SUMMARY-  Font ........................:     1
! SUMMARY-  Color Table .................:     2
! SUMMARY-  Coordinate System ...........:     1
! SUMMARY-  Parameter ...................:     1
! SUMMARY-  Matrix ......................:     1
! SUMMARY-  Solid/Sheet .................:
! SUMMARY-     Body .....................:     1
! SUMMARY-                                 -----
! SUMMARY-  Total                              8
! STATUS-    
! STATUS-   Converting to Output Form (Phase 2 of 3): 1-AUG-2026 11:27:55 AM
! STATUS-    
! STATUS-    
! STATUS-   Generating UG geometry and placing them in parts
! STATUS-    
! SUMMARY-   
! SUMMARY-    STEP Header Information
! SUMMARY-   
! SUMMARY-  Description      Unknown
! SUMMARY-  Imp_Level        1
! SUMMARY-  File_Name        Drone Wing Chassis - Support Beam.stp
! SUMMARY-  Date             2026-08-01T11:27:55+05:30
! SUMMARY-  Author           Unknown
! SUMMARY-  Organization     Unknown
! SUMMARY-  Pre_Version      ST-DEVELOPER v20.1
! SUMMARY-  Orig_System      SIEMENS PLM Software NX2606.3002
! SUMMARY-  Authorization    Unknown
! SUMMARY-  Schema_ID        step_merged_ap_schema
! SUMMARY-   
! SUMMARY-    Summary of STEP Entities
! SUMMARY-   
! SUMMARY-  Entity Type                                                   Count
! SUMMARY-  -----------                                                   ------
! SUMMARY-  advanced_face ..............................................:     50
! SUMMARY-  application_context ........................................:      1
! SUMMARY-  axis2_placement_3d .........................................:     59
! SUMMARY-  b_spline_curve_with_knots ..................................:     52
! SUMMARY-  b_spline_surface_with_knots ................................:     16
! SUMMARY-  cartesian_point ............................................:  19871
! SUMMARY-  circle .....................................................:     24
! SUMMARY-  closed_shell ...............................................:      1
! SUMMARY-  conical_surface ............................................:      4
! SUMMARY-  conversion_based_unit_and_plane_angle_unit .................:      1
! SUMMARY-  cylindrical_surface ........................................:     14
! SUMMARY-  dimensional_exponents ......................................:      1
! SUMMARY-  direction ..................................................:    154
! SUMMARY-  edge_curve .................................................:    112
! SUMMARY-  edge_loop ..................................................:     62
! SUMMARY-  face_bound .................................................:     28
! SUMMARY-  face_outer_bound ...........................................:     38
! SUMMARY-  geometric_representation_context_and_global_uncertainty_a ..:      1
! SUMMARY-  length_unit_and_si_unit ....................................:      1
! SUMMARY-  line .......................................................:     36
! SUMMARY-  manifold_solid_brep ........................................:      1
! SUMMARY-  oriented_edge ..............................................:    224
! SUMMARY-  plane ......................................................:     16
! SUMMARY-  plane_angle_measure_with_unit ..............................:      1
! SUMMARY-  plane_angle_unit_and_si_unit ...............................:      1
! SUMMARY-  product ....................................................:      1
! SUMMARY-  product_context ............................................:      1
! SUMMARY-  product_definition .........................................:      1
! SUMMARY-  product_definition_context .................................:      1
! SUMMARY-  product_definition_formation_with_specified_source .........:      1
! SUMMARY-  product_definition_shape ...................................:      1
! SUMMARY-  product_related_product_category ...........................:      1
! SUMMARY-  si_unit_and_solid_angle_unit ...............................:      1
! SUMMARY-  uncertainty_measure_with_unit ..............................:      1
! SUMMARY-  vector .....................................................:     36
! SUMMARY-  vertex_loop ................................................:      4
! SUMMARY-  vertex_point ...............................................:     80
! SUMMARY-                                                               -------
! SUMMARY-  Total                                                          20898
! INFO-     Bspline aprx. value in effect for this translation :0.025400 millimeter
! INFO-      
! INFO-     Total number of solids input for this translation  :       1
! INFO-      
! INFO-     Number of solids processed without problems        :       1
! INFO-      
! INFO-     Number of solids with problems output as sheets    :       0
! INFO-      
! INFO-     Number of solids not processed                     :       0
! INFO-      
! INFO-     End of Translation: 1-AUG-2026  11:27:56 AM
! INFO-      
